# ==========================================================
# DAIA - Debian AI Assistant
#
# Manifest   : desktop.lst
# Purpose    : XFCE desktop environment
# Version    : 1.0.0
# ==========================================================

############################################################
# X.Org
############################################################

xserver-xorg
xinit

############################################################
# XFCE Desktop
############################################################

xfce4
xfce4-goodies

############################################################
# Display Manager
############################################################

lightdm
lightdm-gtk-greeter

############################################################
# Desktop Integration
############################################################

dbus-x11
gvfs
gvfs-backends
udisks2
upower

############################################################
# Network
############################################################

network-manager
network-manager-gnome

############################################################
# Authentication
############################################################

mate-polkit

############################################################
# Utilities
############################################################

policykit-1
